0 verbose cli /usr/local/bin/node /usr/local/bin/npm
1 info using npm@9.4.0
2 info using node@v19.6.1
3 timing npm:load:whichnode Completed in 3ms
4 timing config:load:defaults Completed in 2ms
5 timing config:load:file:/usr/local/lib/node_modules/npm/npmrc Completed in 6ms
6 timing config:load:builtin Completed in 7ms
7 timing config:load:cli Completed in 8ms
8 timing config:load:env Completed in 1ms
9 timing config:load:file:/usr/src/app/.npmrc Completed in 1ms
10 timing config:load:project Completed in 6ms
11 timing config:load:file:/root/.npmrc Completed in 2ms
12 timing config:load:user Completed in 2ms
13 timing config:load:file:/usr/local/etc/npmrc Completed in 2ms
14 timing config:load:global Completed in 2ms
15 timing config:load:setEnvs Completed in 1ms
16 timing config:load Completed in 29ms
17 timing npm:load:configload Completed in 29ms
18 timing npm:load:mkdirpcache Completed in 11ms
19 timing npm:load:mkdirplogs Completed in 28ms
20 verbose title npm run dev
21 verbose argv "run" "dev"
22 timing npm:load:setTitle Completed in 2ms
23 timing config:load:flatten Completed in 3ms
24 timing npm:load:display Completed in 3ms
25 verbose logfile logs-max:10 dir:/usr/src/app/.npm/_logs/2026-05-11T20_12_08_020Z-
26 verbose logfile /usr/src/app/.npm/_logs/2026-05-11T20_12_08_020Z-debug-0.log
27 timing npm:load:logFile Completed in 27ms
28 timing npm:load:timers Completed in 0ms
29 timing npm:load:configScope Completed in 0ms
30 timing npm:load Completed in 105ms
31 silly logfile done cleaning log files
